"":
  1: |
    apiVersion: apps/v1
    kind: Deployment
    metadata:
      labels:
        app: generic-chart
        release: simple-app
      name: generic-chart
      namespace: namespace-test
    spec:
      replicas: 1
      revisionHistoryLimit: 1
      selector:
        matchLabels:
          app: generic-chart
          release: simple-app
      strategy:
        type: RollingUpdate
      template:
        metadata:
          labels:
            app: generic-chart
            release: simple-app
        spec:
          affinity:
            podAntiAffinity:
              requiredDuringSchedulingIgnoredDuringExecution:
                - labelSelector:
                    matchExpressions:
                      - key: app
                        operator: In
                        values:
                          - generic-chart
                      - key: release
                        operator: In
                        values:
                          - simple-app
                  topologyKey: kubernetes.io/hostname
          containers:
            - args: null
              command: null
              env:
                - name: key
                  valueFrom:
                    secretKeyRef:
                      key: key
                      name: generic-chart
              envFrom: null
              image: registry.example.tld/org/repo:v1
              imagePullPolicy: IfNotPresent
              livenessProbe: null
              name: generic-chart
              ports:
                - containerPort: 8080
                  name: http
                  protocol: TCP
              readinessProbe: null
              resources: null
              securityContext: null
              startupProbe: null
              volumeMounts: null
          imagePullSecrets: null
          initContainers: null
          nodeSelector: null
          securityContext: null
          serviceAccountName: generic-chart
          tolerations: null
          topologySpreadConstraints:
            - labelSelector:
                matchLabels:
                  app: generic-chart
                  release: simple-app
              maxSkew: 1
              topologyKey: null
              whenUnsatisfiable: DoNotSchedule
          volumes: null
  2: |
    apiVersion: external-secrets.io/v1beta1
    kind: ExternalSecret
    metadata:
      annotations: {}
      labels:
        app: generic-chart
        release: simple-app
      name: generic-chart
    spec:
      data:
        - remoteRef:
            key: secrets/apps/exampleApplication/T/exampleSecret
            property: key
          secretKey: key
      secretStoreRef: {}
      target:
        creationPolicy: Owner
        deletionPolicy: Delete
  3: |
    apiVersion: v1
    kind: Service
    metadata:
      annotations: null
      labels:
        app: generic-chart
        release: simple-app
      name: generic-chart
      namespace: namespace-test
    spec:
      ports:
        - name: http
          port: 8080
          protocol: TCP
          targetPort: http
      selector:
        app: generic-chart
        release: simple-app
      type: ClusterIP
  4: |
    apiVersion: v1
    automountServiceAccountToken: false
    kind: ServiceAccount
    metadata:
      annotations: null
      labels:
        app: generic-chart
        release: simple-app
      name: generic-chart
      namespace: namespace-test
